[     465ms] [INFO] %cDownload the React DevTools for a better development experience: https://react.dev/link/react-devtools font-weight:bold @ http://localhost:3000/_next/static/chunks/node_modules_next_dist_1e8vcs8._.js:776
[     483ms] [LOG] [HMR] connected @ http://localhost:3000/_next/static/chunks/node_modules_next_dist_1e8vcs8._.js:776
[     951ms] [LOG] [Fast Refresh] rebuilding @ http://localhost:3000/_next/static/chunks/node_modules_next_dist_1e8vcs8._.js:776
[    2097ms] [LOG] [Fast Refresh] done in 1246ms @ http://localhost:3000/_next/static/chunks/node_modules_next_dist_1e8vcs8._.js:776
[   17862ms] [LOG] Error
    at <anonymous>:1:37
    at https://llvpn.com/tag.min.js:1:71346
    at new Promise (<anonymous>)
    at Nn (https://llvpn.com/tag.min.js:1:71241)
    at Mo (https://llvpn.com/tag.min.js:1:90396)
    at Ho (https://llvpn.com/tag.min.js:1:92550) @ :0
[   17895ms] [LOG] Error
    at <anonymous>:1:37
    at https://llvpn.com/tag.min.js:1:71346
    at new Promise (<anonymous>)
    at Nn (https://llvpn.com/tag.min.js:1:71241)
    at Mo (https://llvpn.com/tag.min.js:1:90396)
    at Ho (https://llvpn.com/tag.min.js:1:92550) @ :0
[   18099ms] [WARNING] document.domain mutation is ignored because the surrounding agent cluster is origin-keyed. @ https://vsembed.ru/assets/sbx.js?v=1786671805:20
[   18491ms] [WARNING] Allow attribute will take precedence over 'allowfullscreen'. @ https://vsembed.ru/embed/tv/1396/1-2:24
[   18529ms] SecurityError: Failed to read a named property 'addEventListener' from 'Window': Blocked a frame with origin "https://vsembed.ru" from accessing a cross-origin frame.
    at Object.assign.isRunning (https://vsembed.ru/assets/disable-devtool.js?v=1785879645:1:16799)
    at https://vsembed.ru/embed/tv/1396/1-2:124:5
    at https://vsembed.ru/embed/tv/1396/1-2:127:3
[   19046ms] [WARNING] WARNING: Too many active WebGL contexts. Oldest context will be lost. @ https://92mim.com/tag.min.js?z=11064923&var=10966354:0
[   19065ms] [WARNING] WARNING: Too many active WebGL contexts. Oldest context will be lost. @ https://92mim.com/tag.min.js?z=11064923&var=10966354:0
[   19070ms] [WARNING] WARNING: Too many active WebGL contexts. Oldest context will be lost. @ https://92mim.com/tag.min.js?z=11064923&var=10966354:0
[   19132ms] SecurityError: Failed to read a named property 'addEventListener' from 'Window': Blocked a frame with origin "https://cloudorchestranova.com" from accessing a cross-origin frame.
    at Object.assign.isRunning (https://cloudorchestranova.com/embed/iframe_player/assets/disable-devtool.js?v=1786492668:1:16799)
    at https://cloudorchestranova.com/embed/tv/1396/1/2?vs=2i27E0WdW5H7p__xjbf9br-VE6gEdKM5NqDhq13DUbqMsz-eheSdgNr6hr46OxeA0r7Sn29nERg-GdWZNlPym_iwLdqX6oFBZQ:94:5
    at https://cloudorchestranova.com/embed/tv/1396/1/2?vs=2i27E0WdW5H7p__xjbf9br-VE6gEdKM5NqDhq13DUbqMsz-eheSdgNr6hr46OxeA0r7Sn29nERg-GdWZNlPym_iwLdqX6oFBZQ:96:3
[   19086ms] [WARNING] WARNING: Too many active WebGL contexts. Oldest context will be lost. @ https://vr-gc.com/vignette.min.js?z=11064924&var=10966354:0
[   19092ms] [WARNING] Allow attribute will take precedence over 'allowfullscreen'. @ https://vsembed.ru/embed/tv/1396/1-2:0
[   19096ms] [WARNING] WARNING: Too many active WebGL contexts. Oldest context will be lost. @ https://92mim.com/tag.min.js?z=11064923&var=10966354:0
[   19106ms] [WARNING] WARNING: Too many active WebGL contexts. Oldest context will be lost. @ https://92mim.com/tag.min.js?z=11064923&var=10966354:0
[   19229ms] [WARNING] WARNING: Too many active WebGL contexts. Oldest context will be lost. @ https://484r.com/apu.php?zoneid=11064922&var=10966354:0
[   19235ms] [WARNING] WARNING: Too many active WebGL contexts. Oldest context will be lost. @ https://484r.com/apu.php?zoneid=11064922&var=10966354:0
[   19252ms] [WARNING] WARNING: Too many active WebGL contexts. Oldest context will be lost. @ https://484r.com/apu.php?zoneid=11064922&var=10966354:0
[   19258ms] [WARNING] WARNING: Too many active WebGL contexts. Oldest context will be lost. @ https://484r.com/apu.php?zoneid=11064922&var=10966354:0
[   19279ms] [WARNING] document.domain mutation is ignored because the surrounding agent cluster is origin-keyed. @ https://vr-gc.com/vignette.min.js?z=11064924&var=10966354:0
[   19286ms] [WARNING] WARNING: Too many active WebGL contexts. Oldest context will be lost. @ https://484r.com/apu.php?zoneid=11064922&var=10966354:0
[   19301ms] [WARNING] WARNING: Too many active WebGL contexts. Oldest context will be lost. @ https://484r.com/apu.php?zoneid=11064922&var=10966354:0
[   19312ms] [WARNING] WARNING: Too many active WebGL contexts. Oldest context will be lost. @ https://tzegilo.com/stattag.js:1
[   19354ms] [WARNING] document.domain mutation is ignored because the surrounding agent cluster is origin-keyed. @ https://92mim.com/tag.min.js?z=11064923&var=10966354:0
[   19718ms] [WARNING] WARNING: Too many active WebGL contexts. Oldest context will be lost. @ https://484r.com/apu.php?zoneid=11064922&var=10966354:0
[   19725ms] [LOG] Error
    at <anonymous>:1:37
    at https://484r.com/apu.php?zoneid=11064922&var=10966354:1:71370
    at new Promise (<anonymous>)
    at Nn (https://484r.com/apu.php?zoneid=11064922&var=10966354:1:71265)
    at nr (https://484r.com/apu.php?zoneid=11064922&var=10966354:1:74021)
    at https://484r.com/apu.php?zoneid=11064922&var=10966354:1:85580
    at Array.forEach (<anonymous>)
    at https://484r.com/apu.php?zoneid=11064922&var=10966354:1:85341
    at Array.forEach (<anonymous>)
    at Zi (https://484r.com/apu.php?zoneid=11064922&var=10966354:1:85260) @ :0
[   19726ms] [LOG] Error
    at <anonymous>:1:37
    at https://484r.com/apu.php?zoneid=11064922&var=10966354:1:71370
    at new Promise (<anonymous>)
    at Nn (https://484r.com/apu.php?zoneid=11064922&var=10966354:1:71265)
    at nr (https://484r.com/apu.php?zoneid=11064922&var=10966354:1:74021)
    at https://484r.com/apu.php?zoneid=11064922&var=10966354:1:85580
    at Array.forEach (<anonymous>)
    at https://484r.com/apu.php?zoneid=11064922&var=10966354:1:85341
    at Array.forEach (<anonymous>)
    at Zi (https://484r.com/apu.php?zoneid=11064922&var=10966354:1:85260) @ :0
[   19727ms] [LOG] Error
    at <anonymous>:1:37
    at https://484r.com/apu.php?zoneid=11064922&var=10966354:1:71370
    at new Promise (<anonymous>)
    at Nn (https://484r.com/apu.php?zoneid=11064922&var=10966354:1:71265)
    at nr (https://484r.com/apu.php?zoneid=11064922&var=10966354:1:74021)
    at https://484r.com/apu.php?zoneid=11064922&var=10966354:1:85580
    at Array.forEach (<anonymous>)
    at https://484r.com/apu.php?zoneid=11064922&var=10966354:1:85341
    at Array.forEach (<anonymous>)
    at Zi (https://484r.com/apu.php?zoneid=11064922&var=10966354:1:85260) @ :0
[   19727ms] [LOG] Error
    at <anonymous>:1:37
    at https://484r.com/apu.php?zoneid=11064922&var=10966354:1:71370
    at new Promise (<anonymous>)
    at Nn (https://484r.com/apu.php?zoneid=11064922&var=10966354:1:71265)
    at nr (https://484r.com/apu.php?zoneid=11064922&var=10966354:1:74021)
    at Ho (https://484r.com/apu.php?zoneid=11064922&var=10966354:1:93385) @ :0
[   19736ms] [WARNING] WARNING: Too many active WebGL contexts. Oldest context will be lost. @ https://484r.com/apu.php?zoneid=11064922&var=10966354:0
[   19739ms] [LOG] Error
    at <anonymous>:1:37
    at https://484r.com/apu.php?zoneid=11064922&var=10966354:1:71370
    at new Promise (<anonymous>)
    at Nn (https://484r.com/apu.php?zoneid=11064922&var=10966354:1:71265)
    at nr (https://484r.com/apu.php?zoneid=11064922&var=10966354:1:74021)
    at https://484r.com/apu.php?zoneid=11064922&var=10966354:1:85580
    at Array.forEach (<anonymous>)
    at https://484r.com/apu.php?zoneid=11064922&var=10966354:1:85341
    at Array.forEach (<anonymous>)
    at Zi (https://484r.com/apu.php?zoneid=11064922&var=10966354:1:85260) @ :0
[   19740ms] [LOG] Error
    at <anonymous>:1:37
    at https://484r.com/apu.php?zoneid=11064922&var=10966354:1:71370
    at new Promise (<anonymous>)
    at Nn (https://484r.com/apu.php?zoneid=11064922&var=10966354:1:71265)
    at nr (https://484r.com/apu.php?zoneid=11064922&var=10966354:1:74021)
    at https://484r.com/apu.php?zoneid=11064922&var=10966354:1:85580
    at Array.forEach (<anonymous>)
    at https://484r.com/apu.php?zoneid=11064922&var=10966354:1:85341
    at Array.forEach (<anonymous>)
    at Zi (https://484r.com/apu.php?zoneid=11064922&var=10966354:1:85260) @ :0
[   19741ms] [LOG] Error
    at <anonymous>:1:37
    at https://484r.com/apu.php?zoneid=11064922&var=10966354:1:71370
    at new Promise (<anonymous>)
    at Nn (https://484r.com/apu.php?zoneid=11064922&var=10966354:1:71265)
    at nr (https://484r.com/apu.php?zoneid=11064922&var=10966354:1:74021)
    at https://484r.com/apu.php?zoneid=11064922&var=10966354:1:85580
    at Array.forEach (<anonymous>)
    at https://484r.com/apu.php?zoneid=11064922&var=10966354:1:85341
    at Array.forEach (<anonymous>)
    at Zi (https://484r.com/apu.php?zoneid=11064922&var=10966354:1:85260) @ :0
[   19741ms] [LOG] Error
    at <anonymous>:1:37
    at https://484r.com/apu.php?zoneid=11064922&var=10966354:1:71370
    at new Promise (<anonymous>)
    at Nn (https://484r.com/apu.php?zoneid=11064922&var=10966354:1:71265)
    at nr (https://484r.com/apu.php?zoneid=11064922&var=10966354:1:74021)
    at Ho (https://484r.com/apu.php?zoneid=11064922&var=10966354:1:93385) @ :0
[   20653ms] [LOG] Error
    at <anonymous>:1:37
    at https://484r.com/apu.php?zoneid=11064922&var=10966354:1:71370
    at new Promise (<anonymous>)
    at Nn (https://484r.com/apu.php?zoneid=11064922&var=10966354:1:71265)
    at nr (https://484r.com/apu.php?zoneid=11064922&var=10966354:1:74021)
    at https://484r.com/apu.php?zoneid=11064922&var=10966354:1:85580
    at Array.forEach (<anonymous>)
    at https://484r.com/apu.php?zoneid=11064922&var=10966354:1:85341
    at Array.forEach (<anonymous>)
    at Zi (https://484r.com/apu.php?zoneid=11064922&var=10966354:1:85260) @ :0
[   20653ms] [LOG] Error
    at <anonymous>:1:37
    at https://484r.com/apu.php?zoneid=11064922&var=10966354:1:71370
    at new Promise (<anonymous>)
    at Nn (https://484r.com/apu.php?zoneid=11064922&var=10966354:1:71265)
    at nr (https://484r.com/apu.php?zoneid=11064922&var=10966354:1:74021)
    at https://484r.com/apu.php?zoneid=11064922&var=10966354:1:85580
    at Array.forEach (<anonymous>)
    at https://484r.com/apu.php?zoneid=11064922&var=10966354:1:85341
    at Array.forEach (<anonymous>)
    at Zi (https://484r.com/apu.php?zoneid=11064922&var=10966354:1:85260) @ :0
[   20653ms] [LOG] Error
    at <anonymous>:1:37
    at https://484r.com/apu.php?zoneid=11064922&var=10966354:1:71370
    at new Promise (<anonymous>)
    at Nn (https://484r.com/apu.php?zoneid=11064922&var=10966354:1:71265)
    at nr (https://484r.com/apu.php?zoneid=11064922&var=10966354:1:74021)
    at https://484r.com/apu.php?zoneid=11064922&var=10966354:1:85580
    at Array.forEach (<anonymous>)
    at https://484r.com/apu.php?zoneid=11064922&var=10966354:1:85341
    at Array.forEach (<anonymous>)
    at Zi (https://484r.com/apu.php?zoneid=11064922&var=10966354:1:85260) @ :0
[   20653ms] [LOG] Error
    at <anonymous>:1:37
    at https://484r.com/apu.php?zoneid=11064922&var=10966354:1:71370
    at new Promise (<anonymous>)
    at Nn (https://484r.com/apu.php?zoneid=11064922&var=10966354:1:71265)
    at nr (https://484r.com/apu.php?zoneid=11064922&var=10966354:1:74021)
    at https://484r.com/apu.php?zoneid=11064922&var=10966354:1:85580
    at Array.forEach (<anonymous>)
    at https://484r.com/apu.php?zoneid=11064922&var=10966354:1:85341
    at Array.forEach (<anonymous>)
    at Zi (https://484r.com/apu.php?zoneid=11064922&var=10966354:1:85260) @ :0
[   20654ms] [LOG] Error
    at <anonymous>:1:37
    at https://484r.com/apu.php?zoneid=11064922&var=10966354:1:71370
    at new Promise (<anonymous>)
    at Nn (https://484r.com/apu.php?zoneid=11064922&var=10966354:1:71265)
    at nr (https://484r.com/apu.php?zoneid=11064922&var=10966354:1:74021)
    at https://484r.com/apu.php?zoneid=11064922&var=10966354:1:85580
    at Array.forEach (<anonymous>)
    at https://484r.com/apu.php?zoneid=11064922&var=10966354:1:85341
    at Array.forEach (<anonymous>)
    at Zi (https://484r.com/apu.php?zoneid=11064922&var=10966354:1:85260) @ :0
[   20654ms] [LOG] Error
    at <anonymous>:1:37
    at https://484r.com/apu.php?zoneid=11064922&var=10966354:1:71370
    at new Promise (<anonymous>)
    at Nn (https://484r.com/apu.php?zoneid=11064922&var=10966354:1:71265)
    at nr (https://484r.com/apu.php?zoneid=11064922&var=10966354:1:74021)
    at https://484r.com/apu.php?zoneid=11064922&var=10966354:1:85580
    at Array.forEach (<anonymous>)
    at https://484r.com/apu.php?zoneid=11064922&var=10966354:1:85341
    at Array.forEach (<anonymous>)
    at Zi (https://484r.com/apu.php?zoneid=11064922&var=10966354:1:85260) @ :0
[   20655ms] [LOG] Error
    at <anonymous>:1:37
    at https://484r.com/apu.php?zoneid=11064922&var=10966354:1:71370
    at new Promise (<anonymous>)
    at Nn (https://484r.com/apu.php?zoneid=11064922&var=10966354:1:71265)
    at nr (https://484r.com/apu.php?zoneid=11064922&var=10966354:1:74021)
    at https://484r.com/apu.php?zoneid=11064922&var=10966354:1:85580
    at Array.forEach (<anonymous>)
    at https://484r.com/apu.php?zoneid=11064922&var=10966354:1:85341
    at Array.forEach (<anonymous>)
    at Zi (https://484r.com/apu.php?zoneid=11064922&var=10966354:1:85260) @ :0
[   20655ms] [LOG] Error
    at <anonymous>:1:37
    at https://484r.com/apu.php?zoneid=11064922&var=10966354:1:71370
    at new Promise (<anonymous>)
    at Nn (https://484r.com/apu.php?zoneid=11064922&var=10966354:1:71265)
    at nr (https://484r.com/apu.php?zoneid=11064922&var=10966354:1:74021)
    at https://484r.com/apu.php?zoneid=11064922&var=10966354:1:85580
    at Array.forEach (<anonymous>)
    at https://484r.com/apu.php?zoneid=11064922&var=10966354:1:85341
    at Array.forEach (<anonymous>)
    at Zi (https://484r.com/apu.php?zoneid=11064922&var=10966354:1:85260) @ :0
[   20655ms] [LOG] Error
    at <anonymous>:1:37
    at https://484r.com/apu.php?zoneid=11064922&var=10966354:1:71370
    at new Promise (<anonymous>)
    at Nn (https://484r.com/apu.php?zoneid=11064922&var=10966354:1:71265)
    at nr (https://484r.com/apu.php?zoneid=11064922&var=10966354:1:74021)
    at https://484r.com/apu.php?zoneid=11064922&var=10966354:1:85580
    at Array.forEach (<anonymous>)
    at https://484r.com/apu.php?zoneid=11064922&var=10966354:1:85341
    at Array.forEach (<anonymous>)
    at Zi (https://484r.com/apu.php?zoneid=11064922&var=10966354:1:85260) @ :0
[   20656ms] [LOG] Error
    at <anonymous>:1:37
    at https://484r.com/apu.php?zoneid=11064922&var=10966354:1:71370
    at new Promise (<anonymous>)
    at Nn (https://484r.com/apu.php?zoneid=11064922&var=10966354:1:71265)
    at nr (https://484r.com/apu.php?zoneid=11064922&var=10966354:1:74021)
    at https://484r.com/apu.php?zoneid=11064922&var=10966354:1:85580
    at Array.forEach (<anonymous>)
    at https://484r.com/apu.php?zoneid=11064922&var=10966354:1:85341
    at Array.forEach (<anonymous>)
    at Zi (https://484r.com/apu.php?zoneid=11064922&var=10966354:1:85260) @ :0
[   20657ms] [LOG] Error
    at <anonymous>:1:37
    at https://484r.com/apu.php?zoneid=11064922&var=10966354:1:71370
    at new Promise (<anonymous>)
    at Nn (https://484r.com/apu.php?zoneid=11064922&var=10966354:1:71265)
    at nr (https://484r.com/apu.php?zoneid=11064922&var=10966354:1:74021)
    at https://484r.com/apu.php?zoneid=11064922&var=10966354:1:85580
    at Array.forEach (<anonymous>)
    at https://484r.com/apu.php?zoneid=11064922&var=10966354:1:85341
    at Array.forEach (<anonymous>)
    at Zi (https://484r.com/apu.php?zoneid=11064922&var=10966354:1:85260) @ :0
[   20658ms] [LOG] Error
    at <anonymous>:1:37
    at https://484r.com/apu.php?zoneid=11064922&var=10966354:1:71370
    at new Promise (<anonymous>)
    at Nn (https://484r.com/apu.php?zoneid=11064922&var=10966354:1:71265)
    at nr (https://484r.com/apu.php?zoneid=11064922&var=10966354:1:74021)
    at https://484r.com/apu.php?zoneid=11064922&var=10966354:1:85580
    at Array.forEach (<anonymous>)
    at https://484r.com/apu.php?zoneid=11064922&var=10966354:1:85341
    at Array.forEach (<anonymous>)
    at Zi (https://484r.com/apu.php?zoneid=11064922&var=10966354:1:85260) @ :0
[   20660ms] [LOG] Error
    at <anonymous>:1:37
    at https://484r.com/apu.php?zoneid=11064922&var=10966354:1:71370
    at new Promise (<anonymous>)
    at Nn (https://484r.com/apu.php?zoneid=11064922&var=10966354:1:71265)
    at nr (https://484r.com/apu.php?zoneid=11064922&var=10966354:1:74021)
    at https://484r.com/apu.php?zoneid=11064922&var=10966354:1:85580
    at Array.forEach (<anonymous>)
    at https://484r.com/apu.php?zoneid=11064922&var=10966354:1:85341
    at Array.forEach (<anonymous>)
    at Zi (https://484r.com/apu.php?zoneid=11064922&var=10966354:1:85260) @ :0
[   20661ms] [LOG] Error
    at <anonymous>:1:37
    at https://484r.com/apu.php?zoneid=11064922&var=10966354:1:71370
    at new Promise (<anonymous>)
    at Nn (https://484r.com/apu.php?zoneid=11064922&var=10966354:1:71265)
    at nr (https://484r.com/apu.php?zoneid=11064922&var=10966354:1:74021)
    at https://484r.com/apu.php?zoneid=11064922&var=10966354:1:85580
    at Array.forEach (<anonymous>)
    at https://484r.com/apu.php?zoneid=11064922&var=10966354:1:85341
    at Array.forEach (<anonymous>)
    at Zi (https://484r.com/apu.php?zoneid=11064922&var=10966354:1:85260) @ :0
[   20661ms] [LOG] Error
    at <anonymous>:1:37
    at https://484r.com/apu.php?zoneid=11064922&var=10966354:1:71370
    at new Promise (<anonymous>)
    at Nn (https://484r.com/apu.php?zoneid=11064922&var=10966354:1:71265)
    at nr (https://484r.com/apu.php?zoneid=11064922&var=10966354:1:74021)
    at https://484r.com/apu.php?zoneid=11064922&var=10966354:1:85580
    at Array.forEach (<anonymous>)
    at https://484r.com/apu.php?zoneid=11064922&var=10966354:1:85341
    at Array.forEach (<anonymous>)
    at Zi (https://484r.com/apu.php?zoneid=11064922&var=10966354:1:85260) @ :0
[   20662ms] [LOG] Error
    at <anonymous>:1:37
    at https://484r.com/apu.php?zoneid=11064922&var=10966354:1:71370
    at new Promise (<anonymous>)
    at Nn (https://484r.com/apu.php?zoneid=11064922&var=10966354:1:71265)
    at nr (https://484r.com/apu.php?zoneid=11064922&var=10966354:1:74021)
    at https://484r.com/apu.php?zoneid=11064922&var=10966354:1:85580
    at Array.forEach (<anonymous>)
    at https://484r.com/apu.php?zoneid=11064922&var=10966354:1:85341
    at Array.forEach (<anonymous>)
    at Zi (https://484r.com/apu.php?zoneid=11064922&var=10966354:1:85260) @ :0
[   20662ms] [LOG] Error
    at <anonymous>:1:37
    at https://484r.com/apu.php?zoneid=11064922&var=10966354:1:71370
    at new Promise (<anonymous>)
    at Nn (https://484r.com/apu.php?zoneid=11064922&var=10966354:1:71265)
    at nr (https://484r.com/apu.php?zoneid=11064922&var=10966354:1:74021)
    at https://484r.com/apu.php?zoneid=11064922&var=10966354:1:85580
    at Array.forEach (<anonymous>)
    at https://484r.com/apu.php?zoneid=11064922&var=10966354:1:85341
    at Array.forEach (<anonymous>)
    at Zi (https://484r.com/apu.php?zoneid=11064922&var=10966354:1:85260) @ :0
[   20663ms] [LOG] Error
    at <anonymous>:1:37
    at https://484r.com/apu.php?zoneid=11064922&var=10966354:1:71370
    at new Promise (<anonymous>)
    at Nn (https://484r.com/apu.php?zoneid=11064922&var=10966354:1:71265)
    at nr (https://484r.com/apu.php?zoneid=11064922&var=10966354:1:74021)
    at https://484r.com/apu.php?zoneid=11064922&var=10966354:1:85580
    at Array.forEach (<anonymous>)
    at https://484r.com/apu.php?zoneid=11064922&var=10966354:1:85341
    at Array.forEach (<anonymous>)
    at Zi (https://484r.com/apu.php?zoneid=11064922&var=10966354:1:85260) @ :0
[   20663ms] [LOG] Error
    at <anonymous>:1:37
    at https://484r.com/apu.php?zoneid=11064922&var=10966354:1:71370
    at new Promise (<anonymous>)
    at Nn (https://484r.com/apu.php?zoneid=11064922&var=10966354:1:71265)
    at nr (https://484r.com/apu.php?zoneid=11064922&var=10966354:1:74021)
    at https://484r.com/apu.php?zoneid=11064922&var=10966354:1:85580
    at Array.forEach (<anonymous>)
    at https://484r.com/apu.php?zoneid=11064922&var=10966354:1:85341
    at Array.forEach (<anonymous>)
    at Zi (https://484r.com/apu.php?zoneid=11064922&var=10966354:1:85260) @ :0
[   20663ms] [LOG] Error
    at <anonymous>:1:37
    at https://484r.com/apu.php?zoneid=11064922&var=10966354:1:71370
    at new Promise (<anonymous>)
    at Nn (https://484r.com/apu.php?zoneid=11064922&var=10966354:1:71265)
    at nr (https://484r.com/apu.php?zoneid=11064922&var=10966354:1:74021)
    at https://484r.com/apu.php?zoneid=11064922&var=10966354:1:85580
    at Array.forEach (<anonymous>)
    at https://484r.com/apu.php?zoneid=11064922&var=10966354:1:85341
    at Array.forEach (<anonymous>)
    at Zi (https://484r.com/apu.php?zoneid=11064922&var=10966354:1:85260) @ :0
[   20664ms] [LOG] Error
    at <anonymous>:1:37
    at https://484r.com/apu.php?zoneid=11064922&var=10966354:1:71370
    at new Promise (<anonymous>)
    at Nn (https://484r.com/apu.php?zoneid=11064922&var=10966354:1:71265)
    at nr (https://484r.com/apu.php?zoneid=11064922&var=10966354:1:74021)
    at https://484r.com/apu.php?zoneid=11064922&var=10966354:1:85580
    at Array.forEach (<anonymous>)
    at https://484r.com/apu.php?zoneid=11064922&var=10966354:1:85341
    at Array.forEach (<anonymous>)
    at Zi (https://484r.com/apu.php?zoneid=11064922&var=10966354:1:85260) @ :0
[   20665ms] [LOG] Error
    at <anonymous>:1:37
    at https://484r.com/apu.php?zoneid=11064922&var=10966354:1:71370
    at new Promise (<anonymous>)
    at Nn (https://484r.com/apu.php?zoneid=11064922&var=10966354:1:71265)
    at nr (https://484r.com/apu.php?zoneid=11064922&var=10966354:1:74021)
    at https://484r.com/apu.php?zoneid=11064922&var=10966354:1:85580
    at Array.forEach (<anonymous>)
    at https://484r.com/apu.php?zoneid=11064922&var=10966354:1:85341
    at Array.forEach (<anonymous>)
    at Zi (https://484r.com/apu.php?zoneid=11064922&var=10966354:1:85260) @ :0
[   20665ms] [LOG] Error
    at <anonymous>:1:37
    at https://484r.com/apu.php?zoneid=11064922&var=10966354:1:71370
    at new Promise (<anonymous>)
    at Nn (https://484r.com/apu.php?zoneid=11064922&var=10966354:1:71265)
    at nr (https://484r.com/apu.php?zoneid=11064922&var=10966354:1:74021)
    at https://484r.com/apu.php?zoneid=11064922&var=10966354:1:85580
    at Array.forEach (<anonymous>)
    at https://484r.com/apu.php?zoneid=11064922&var=10966354:1:85341
    at Array.forEach (<anonymous>)
    at Zi (https://484r.com/apu.php?zoneid=11064922&var=10966354:1:85260) @ :0
[   20666ms] [LOG] Error
    at <anonymous>:1:37
    at https://484r.com/apu.php?zoneid=11064922&var=10966354:1:71370
    at new Promise (<anonymous>)
    at Nn (https://484r.com/apu.php?zoneid=11064922&var=10966354:1:71265)
    at nr (https://484r.com/apu.php?zoneid=11064922&var=10966354:1:74021)
    at https://484r.com/apu.php?zoneid=11064922&var=10966354:1:85580
    at Array.forEach (<anonymous>)
    at https://484r.com/apu.php?zoneid=11064922&var=10966354:1:85341
    at Array.forEach (<anonymous>)
    at Zi (https://484r.com/apu.php?zoneid=11064922&var=10966354:1:85260) @ :0
